new_len
0
new_is_empty
true
new_capacity
64
len_after_push
3
not_empty
false
get_0
30
get_1
10
get_2
20
VecI64: index out of bounds!
get_oob
0
sum
60
max
30
min
10
after_set
99
sum_after_set
149
max_after_set
99
rev_0
20
rev_1
99
rev_2
30
pop
30
len_after_pop
2
sum_after_pop
119
len_after_clear
0
empty_after_clear
true
sum_empty
0
full_len
64
full_sum
2016
full_max
63
full_min
0
vec_i64_ok
