@builtin print
print_literal
@builtin print_int
-9223372036854775807
@builtin string_len -> 4
string_len_empty
0
string_len_abcd
4
string_len_escape
3
@builtin string_concat -> foobar
string_concat
foobar
string_concat_empty_lhs
bar
string_concat_empty_rhs
foo
@builtin string_eq -> true
string_eq_same
true
string_eq_diff
false
string_eq_prefix
false
string_eq_empty
true
string_char_at_returns_char
true
@builtin string_char_at -> 97
string_char_at_0
97
string_char_at_2
99
string_char_at_last
99
@builtin string_substring -> ell
string_substring_mid
hello
string_substring_tail
world
string_substring_clamp_end
bc
string_substring_empty

string_substring_inverted

@builtin string_from_char -> A
string_from_char_A
A
string_from_char_z
z
@builtin string_to_int -> 42
string_to_int_42
42
string_to_int_neg
-7
string_to_int_garbage
0
@builtin int_to_string -> -123
int_to_string_0
0
int_to_string_neg
-123
int_to_string_big
9007199254740993
round_trip
31337
builtins_string_ok
