digit_0
true
digit_9
true
digit_a
false
digit_space
false
alpha_A
true
alpha_z
true
alpha_0
false
alpha_space
false
ws_space
true
ws_tab
true
ws_newline
true
ws_a
false
ws_0
false
scan_digit
true
scan_alpha
true
scan_ws
true
arg_count_at_least_1
true
argv0_non_empty
true
arg_at_out_of_range

arg_at_negative

arg_at_far

arg_at_oob_is_len_0
true
builtins_char_args_ok
